 Image chief-of-staff-demo-relay Building 
 Image chief-of-staff-demo-app Building 
#1 [internal] load local bake definitions
#1 reading from stdin 1.06kB done
#1 DONE 0.0s

#2 [relay internal] load build definition from Dockerfile
#2 transferring dockerfile: 1.49kB 0.0s done
#2 DONE 0.2s

#3 [app internal] load build definition from Dockerfile
#3 transferring dockerfile: 6.32kB 0.1s done
#3 DONE 0.2s

#4 [relay internal] load metadata for docker.io/library/node:22.18.0-bookworm-slim
#4 ...

#5 [app internal] load metadata for mcr.microsoft.com/playwright:v1.63.0-noble@sha256:eff16c30e6f3f4af0a03fa4b706120d5e9b0891c344a27d64559aff5900a4a27
#5 DONE 0.4s

#6 [app internal] load metadata for docker.io/library/debian:bookworm-slim
#6 ...

#7 [relay internal] load metadata for docker.io/library/node:22-bookworm-slim
#7 DONE 1.1s

#6 [app internal] load metadata for docker.io/library/debian:bookworm-slim
#6 DONE 1.1s

#4 [app internal] load metadata for docker.io/library/node:22.18.0-bookworm-slim
#4 DONE 1.1s

#8 [relay internal] load .dockerignore
#8 transferring context: 185B 0.0s done
#8 DONE 0.0s

#9 [app whisper-build 1/4] FROM docker.io/library/debian:bookworm-slim@sha256:7c7b2c966bc9ee8cedfeef67e0e279108992c77681fa595db4a9d65c06ccc587
#9 resolve docker.io/library/debian:bookworm-slim@sha256:7c7b2c966bc9ee8cedfeef67e0e279108992c77681fa595db4a9d65c06ccc587 0.0s done
#9 DONE 0.0s

#10 [relay runtime 1/3] FROM docker.io/library/node:22-bookworm-slim@sha256:c3de60bf2f9dd0ac6370e6117950ff62d6e339527e7472301c9c78a017978392
#10 resolve docker.io/library/node:22-bookworm-slim@sha256:c3de60bf2f9dd0ac6370e6117950ff62d6e339527e7472301c9c78a017978392 0.0s done
#10 DONE 0.0s

#11 [app build  1/14] FROM docker.io/library/node:22.18.0-bookworm-slim@sha256:752ea8a2f758c34002a0461bd9f1cee4f9a3c36d48494586f60ffce1fc708e0e
#11 resolve docker.io/library/node:22.18.0-bookworm-slim@sha256:752ea8a2f758c34002a0461bd9f1cee4f9a3c36d48494586f60ffce1fc708e0e 0.0s done
#11 DONE 0.0s

#12 [app runtime  1/18] FROM mcr.microsoft.com/playwright:v1.63.0-noble@sha256:eff16c30e6f3f4af0a03fa4b706120d5e9b0891c344a27d64559aff5900a4a27
#12 resolve mcr.microsoft.com/playwright:v1.63.0-noble@sha256:eff16c30e6f3f4af0a03fa4b706120d5e9b0891c344a27d64559aff5900a4a27 0.0s done
#12 DONE 0.0s

#13 [app internal] load build context
#13 ...

#14 [relay internal] load build context
#14 transferring context: 20.98kB 0.3s done
#14 DONE 0.3s

#15 [relay build  6/14] COPY apps/web/package.json apps/web/
#15 CACHED

#16 [relay build 13/14] COPY relay/tsconfig.json relay/
#16 CACHED

#17 [relay build  3/14] RUN npm install --global pnpm@12.3.4
#17 CACHED

#18 [relay build 14/14] RUN pnpm --filter @chief-of-staff-demo/relay build   && pnpm --filter @chief-of-staff-demo/relay deploy --legacy --prod /out
#18 CACHED

#19 [relay build  4/14] COPY package.json pnpm-lock.yaml pnpm-workspace.yaml .npmrc ./
#19 CACHED

#20 [relay build  5/14] COPY apps/server/package.json apps/server/
#20 CACHED

#21 [relay build  2/14] WORKDIR /app
#21 CACHED

#22 [relay build 12/14] COPY relay/src relay/src
#22 CACHED

#23 [relay build  8/14] COPY tests/package.json tests/
#23 CACHED

#24 [relay build  9/14] COPY relay/package.json relay/
#24 CACHED

#25 [relay build 10/14] RUN pnpm install --frozen-lockfile --filter @chief-of-staff-demo/relay...
#25 CACHED

#26 [relay runtime 2/3] WORKDIR /app
#26 CACHED

#27 [relay build  7/14] COPY packages/shared/package.json packages/shared/
#27 CACHED

#28 [relay build 11/14] COPY tsconfig.base.json ./
#28 CACHED

#29 [relay runtime 3/3] COPY --from=build /out ./
#29 CACHED

#13 [app internal] load build context
#13 transferring context: 5.24MB 0.5s done
#13 DONE 0.5s

#30 [relay] exporting to image
#30 exporting layers done
#30 exporting manifest sha256:adb68cf224e1cc076198c993e8204ab504aa7da1ee1dc73d414cb17e786fd7d5 done
#30 exporting config sha256:fbc7a40e7711856fd45244922f1c3a8415545c7d1df31ec42c54bd7f6cba7c22 done
#30 exporting attestation manifest sha256:2b8612509246e55b73c0eab792a78b0e26aa4bb66023e946b2c03202ec28a2d3 0.0s done
#30 exporting manifest list sha256:7ff67512d406e7a1e45b704b6fa224579f9de1dd4c079b462b0b933e899d9cb6 0.0s done
#30 naming to docker.io/library/chief-of-staff-demo-relay:latest done
#30 unpacking to docker.io/library/chief-of-staff-demo-relay:latest 0.0s done
#30 DONE 0.2s

#17 [app build  3/14] RUN npm install --global pnpm@12.3.4
#17 CACHED

#31 [app build  4/14] COPY package.json pnpm-lock.yaml pnpm-workspace.yaml .npmrc ./
#31 CACHED

#32 [app build  5/14] COPY apps/server/package.json apps/server/
#32 CACHED

#33 [app build  6/14] COPY apps/web/package.json apps/web/
#33 CACHED

#34 [app build  8/14] COPY tests/package.json tests/
#34 CACHED

#35 [app build 10/14] COPY tsconfig.base.json tsconfig.json ./
#35 CACHED

#36 [app build  7/14] COPY packages/shared/package.json packages/shared/
#36 CACHED

#37 [app build  9/14] RUN pnpm install --frozen-lockfile
#37 CACHED

#21 [app build  2/14] WORKDIR /app
#21 CACHED

#38 [app build 11/14] COPY packages/shared packages/shared
#38 CACHED

#39 [app build 12/14] COPY apps/server apps/server
#39 DONE 0.3s

#40 [relay] resolving provenance for metadata file
#40 DONE 0.0s

#41 [app build 13/14] COPY apps/web apps/web
#41 DONE 0.1s

#42 [app build 14/14] RUN pnpm run build   && rm -rf node_modules   && CI=true pnpm install --prod --frozen-lockfile
#42 0.589 $ tsc -b packages/shared apps/server && tsc -p apps/web --noEmit && pnpm --filter @chief-of-staff-demo/web build
#42 15.38 $ vite build
#42 15.97 vite v8.3.2 building client environment for production...
#42 15.99 transforming...
#42 16.11 ✓ 553 modules transformed.
#42 16.27 rendering chunks...
#42 16.41 computing gzip size...
#42 16.42 dist/index.html                                            0.70 kB │ gzip:   0.37 kB
#42 16.42 dist/assets/PersonProfileDetailPage-8B16IZnN.css           2.69 kB │ gzip:   0.92 kB
#42 16.42 dist/assets/meetingWizard-DodKWivP.css                     3.01 kB │ gzip:   0.98 kB
#42 16.42 dist/assets/personProfilePrototypeVariants-BADILkSi.css   16.02 kB │ gzip:   3.55 kB
#42 16.42 dist/assets/index-DCcyhluc.css                            23.96 kB │ gzip:   5.59 kB
#42 16.42 dist/assets/source-items-Dt2_Au1h.js                       0.11 kB │ gzip:   0.12 kB
#42 16.42 dist/assets/naming-BHFInCv2.js                             0.13 kB │ gzip:   0.12 kB
#42 16.42 dist/assets/ContentResearchSubNav-AhhoWfH5.js              0.40 kB │ gzip:   0.26 kB
#42 16.42 dist/assets/ReadingDisclosure-BHg8sig2.js                  0.42 kB │ gzip:   0.31 kB
#42 16.42 dist/assets/MeetingWizardTabs-yQAk8jZW.js                  0.43 kB │ gzip:   0.28 kB
#42 16.42 dist/assets/client-Dm7ug2HT.js                             0.79 kB │ gzip:   0.39 kB
#42 16.42 dist/assets/deliveryStatus-C6eXyc-C.js                     0.90 kB │ gzip:   0.38 kB
#42 16.42 dist/assets/contentProjectGates-CW5X6ycO.js                1.20 kB │ gzip:   0.57 kB
#42 16.42 dist/assets/useMeetingIndex-mNVNdtIc.js                    1.21 kB │ gzip:   0.59 kB
#42 16.42 dist/assets/meetingDisplay-wZwJrflB.js                     1.30 kB │ gzip:   0.58 kB
#42 16.42 dist/assets/MeetingRecoveryPage-Cf90FhwU.js                1.85 kB │ gzip:   0.91 kB
#42 16.42 dist/assets/people-CbUw61Oa.js                             3.04 kB │ gzip:   0.76 kB
#42 16.42 dist/assets/ProposalMeetingNavigation-BwktgoJe.js          3.50 kB │ gzip:   1.42 kB
#42 16.42 dist/assets/MeetingsHistoryPage-AdclLfgH.js                3.67 kB │ gzip:   1.52 kB
#42 16.42 dist/assets/OnboardingSetupPage-2lr3e87m.js                4.03 kB │ gzip:   1.43 kB
#42 16.42 dist/assets/meetings-DTOeP4I4.js                           4.05 kB │ gzip:   0.86 kB
#42 16.42 dist/assets/MeetingReadRow-BSV5V1ua.js                     4.25 kB │ gzip:   1.85 kB
#42 16.42 dist/assets/MeetingDebriefPage-DXjwzcUH.js                 5.03 kB │ gzip:   1.65 kB
#42 16.42 dist/assets/AllRunsPage-r9iLMxWJ.js                        5.49 kB │ gzip:   2.06 kB
#42 16.42 dist/assets/content-Dj7VwMu9.js                            5.76 kB │ gzip:   1.11 kB
#42 16.42 dist/assets/MeetingDebriefDetailPage-Bu9zWTms.js           5.92 kB │ gzip:   2.31 kB
#42 16.42 dist/assets/MeetingsOverviewPage-B5GTHXPA.js               5.97 kB │ gzip:   2.10 kB
#42 16.42 dist/assets/MeetingActionItems-yEm7NlGf.js                 6.00 kB │ gzip:   2.51 kB
#42 16.42 dist/assets/BriefProfileRefresh-DpCgFov7.js                6.03 kB │ gzip:   1.97 kB
#42 16.42 dist/assets/NewPersonProfilePage-CREuG4ct.js               6.29 kB │ gzip:   2.11 kB
#42 16.42 dist/assets/MeetingsWeeklyPage-D8Z-42pJ.js                 7.02 kB │ gzip:   2.27 kB
#42 16.42 dist/assets/ContentProjectDetailPage-IfdUmJuH.js           7.41 kB │ gzip:   2.39 kB
#42 16.42 dist/assets/RunDetailPage-BoybttW4.js                      8.08 kB │ gzip:   2.50 kB
#42 16.42 dist/assets/YoutubePage-CgFNIzKq.js                        8.70 kB │ gzip:   3.23 kB
#42 16.42 dist/assets/jsx-runtime-Dk72oS4N.js                        8.77 kB │ gzip:   3.33 kB
#42 16.42 dist/assets/PeoplePage-BmbBba5_.js                         9.16 kB │ gzip:   2.86 kB
#42 16.42 dist/assets/TranscriptReviewPage-DVhXkuxs.js               9.37 kB │ gzip:   2.96 kB
#42 16.42 dist/assets/useModules-Bsr47AU4.js                         9.90 kB │ gzip:   3.22 kB
#42 16.42 dist/assets/MeetingBriefPage-BDHuOL7D.js                  10.56 kB │ gzip:   3.09 kB
#42 16.42 dist/assets/ActionItemReview-bMILedr-.js                  14.55 kB │ gzip:   4.68 kB
#42 16.42 dist/assets/MeetingPage-B58Kd9if.js                       14.87 kB │ gzip:   4.48 kB
#42 16.42 dist/assets/homePrototypeVariants-DqMuZOtI.js             15.96 kB │ gzip:   4.81 kB
#42 16.42 dist/assets/ContentResearchPage-BQ79k6oj.js               17.50 kB │ gzip:   4.80 kB
#42 16.42 dist/assets/MeetingDebriefContent-DZHLWH8q.js             18.14 kB │ gzip:   5.50 kB
#42 16.42 dist/assets/personProfilePrototypeVariants-B3z7BwTW.js    19.66 kB │ gzip:   5.64 kB
#42 16.42 dist/assets/TasksPage-pn8xZTug.js                         28.06 kB │ gzip:   7.48 kB
#42 16.42 dist/assets/ContentScoutPage-ACQUUW4u.js                  36.78 kB │ gzip:   9.60 kB
#42 16.42 dist/assets/chunk-OB3PAWPO-DuustvZ5.js                    40.41 kB │ gzip:  14.54 kB
#42 16.42 dist/assets/SettingsPage-Cyil45DW.js                      43.05 kB │ gzip:  12.09 kB
#42 16.42 dist/assets/PersonProfileDetailPage-_G_Q4ucH.js           73.08 kB │ gzip:  20.73 kB
#42 16.42 dist/assets/react-DRDmNHY9.js                            128.10 kB │ gzip:  41.80 kB
#42 16.42 dist/assets/index-B71UDdXR.js                            358.15 kB │ gzip: 103.76 kB
#42 16.42 
#42 16.43 ✓ built in 458ms
#42 20.73 Scope: all 5 workspace projects
#42 20.78 ✓ Lockfile passes supply-chain policies (verified 8h ago)
#42 20.78 Lockfile is up to date, resolution step is skipped
#42 21.13 Packages are hard linked from the content-addressable store to the virtual store.
#42 21.13   Content-addressable store is at: /root/.local/share/pnpm/store/v11
#42 21.13   Virtual store is at:             node_modules/.pnpm
#42 22.14 Progress: resolved 33, reused 33, downloaded 0, added 14
#42 23.17 Progress: resolved 57, reused 57, downloaded 0, added 38
#42 24.18 Progress: resolved 75, reused 75, downloaded 0, added 56
#42 25.28 Progress: resolved 100, reused 100, downloaded 0, added 81
#42 26.30 Progress: resolved 132, reused 132, downloaded 0, added 113
#42 27.30 Progress: resolved 175, reused 175, downloaded 0, added 156
#42 28.32 Progress: resolved 206, reused 206, downloaded 0, added 189
#42 29.53 Progress: resolved 217, reused 217, downloaded 0, added 201
#42 30.55 Progress: resolved 238, reused 238, downloaded 0, added 222
#42 31.55 Progress: resolved 260, reused 260, downloaded 0, added 244
#42 32.58 Progress: resolved 295, reused 295, downloaded 0, added 276
#42 33.59 Progress: resolved 310, reused 310, downloaded 0, added 292
#42 34.59 Progress: resolved 332, reused 332, downloaded 0, added 314
#42 35.56 Packages: +338
#42 35.56 ++++++++++++++++++++++++++++++++++++++++++++++++++++++++++++++++++++++++++++++++
#42 35.74 Progress: resolved 338, reused 333, downloaded 5, added 338, done
#42 35.87 Done in 15.2s using pnpm v12.3.4
#42 DONE 36.4s

#43 [app runtime  2/18] WORKDIR /app
#43 CACHED

#44 [app whisper-build 4/4] RUN cc -O2 -Wall -Wextra -Werror /tmp/browser-network-sandbox.c -o /tmp/browser-network-sandbox
#44 CACHED

#45 [app runtime  4/18] COPY --from=whisper-build /tmp/browser-network-sandbox /usr/local/bin/browser-network-sandbox
#45 CACHED

#46 [app whisper-build 2/4] RUN apt-get update   && apt-get install -y --no-install-recommends ca-certificates cmake curl g++ git make   && curl -fsSL "https://github.com/ggml-org/whisper.cpp/archive/refs/tags/v1.7.6.tar.gz" -o /tmp/whisper.cpp.tar.gz   && echo "166140e9a6d8a36f787a2bd77f8f44dd64874f12dd8359ff7c1f4f9acb86202e  /tmp/whisper.cpp.tar.gz" | sha256sum --check -   && tar -xzf /tmp/whisper.cpp.tar.gz -C /tmp   && cmake -S "/tmp/whisper.cpp-1.7.6" -B /tmp/whisper-build   -DCMAKE_BUILD_TYPE=Release   -DBUILD_SHARED_LIBS=OFF   -DGGML_NATIVE=OFF   -DWHISPER_BUILD_EXAMPLES=ON   -DWHISPER_BUILD_TESTS=OFF   -DWHISPER_BUILD_SERVER=OFF   && cmake --build /tmp/whisper-build --config Release --target whisper-cli --parallel 2
#46 CACHED

#47 [app whisper-build 3/4] COPY scripts/browser-network-sandbox.c /tmp/browser-network-sandbox.c
#47 CACHED

#48 [app runtime  5/18] COPY --from=whisper-build /tmp/whisper-build/bin/whisper-cli /usr/local/bin/whisper-cli
#48 CACHED

#49 [app runtime  3/18] RUN apt-get update   && apt-get install -y --no-install-recommends   "ffmpeg=7:6.1.1-3ubuntu5"   "python3=3.12.3-0ubuntu2.1"   "python3-venv=3.12.3-0ubuntu2.1"   && python3 -m venv /opt/content-scout-python   && /opt/content-scout-python/bin/pip install --no-cache-dir   "instaloader==4.14.2"   "youtube-transcript-api==1.2.2"   "yt-dlp==2025.08.22"   && chromium_path="$(find /ms-playwright -type f \( -path '*/chrome-linux/chrome' -o -path '*/chrome-linux64/chrome' -o -path '*/chrome-linux-arm64/chrome' \) | head -n 1)"   && test -n "$chromium_path"   && ln -s "$chromium_path" /usr/local/bin/chromium   && rm -rf /var/lib/apt/lists/*
#49 CACHED

#50 [app runtime  6/18] RUN mkdir -p /usr/local/share/content-scout   && printf '%s\n' "v1.7.6" > /usr/local/share/content-scout/whisper-cpp-version
#50 CACHED

#51 [app runtime  7/18] COPY --from=build /app/package.json /app/pnpm-lock.yaml ./
#51 CACHED

#52 [app runtime  8/18] COPY --from=build /app/node_modules node_modules
#52 DONE 4.0s

#53 [app runtime  9/18] COPY --from=build /app/apps/server/node_modules apps/server/node_modules
#53 DONE 0.1s

#54 [app runtime 10/18] COPY --from=build /app/packages/shared/node_modules packages/shared/node_modules
#54 DONE 0.0s

#55 [app runtime 11/18] COPY --from=build /app/packages/shared/package.json packages/shared/
#55 DONE 0.0s

#56 [app runtime 12/18] COPY --from=build /app/packages/shared/dist packages/shared/dist
#56 DONE 0.1s

#57 [app runtime 13/18] COPY --from=build /app/apps/server/package.json apps/server/
#57 DONE 0.1s

#58 [app runtime 14/18] COPY --from=build /app/apps/server/dist apps/server/dist
#58 DONE 0.2s

#59 [app runtime 15/18] COPY --from=build /app/apps/web/dist apps/web/dist
#59 DONE 0.1s

#60 [app runtime 16/18] COPY scripts/start-workspace.py /usr/local/share/content-scout/start-workspace.py
#60 DONE 0.1s

#61 [app runtime 17/18] RUN browser-network-sandbox --self-test   && chromium --version   | grep -F "153.0.8010.12"   && printf '%s\n' '<!doctype html><html><body><h1>browser-render-probe</h1></body></html>' > /tmp/browser-render-probe.html   && chromium --headless --no-sandbox --disable-gpu --dump-dom "file:///tmp/browser-render-probe.html" 2>/dev/null | grep -F "browser-render-probe"   && rm -f /tmp/browser-render-probe.html   && python3 --version | grep -F "3.12.3"   && python3 -c "import importlib.metadata; print(importlib.metadata.version('youtube-transcript-api'))" | grep -Fx "1.2.2"   && instaloader --version | grep -F "4.14.2"   && ffmpeg -version 2>&1 | head -n 1 | grep -F "6.1.1-3ubuntu5"   && yt-dlp --version | grep -Fx "2025.08.22"   && whisper-cli --help >/dev/null
#61 0.377 Browser IPv4/IPv6 TCP/UDP denied; Unix IPC available.
#61 0.618 Google Chrome for Testing 153.0.8010.12 
#61 2.756 <html><head></head><body><h1>browser-render-probe</h1>
#61 2.781 Python 3.12.3
#61 2.966 1.2.2
#61 3.199 4.14.2
#61 3.415 ffmpeg version 6.1.1-3ubuntu5 Copyright (c) 2000-2023 the FFmpeg developers
#61 3.629 2025.08.22
#61 3.638 
#61 3.638 usage: whisper-cli [options] file0 file1 ...
#61 3.638 supported audio formats: flac, mp3, ogg, wav
#61 3.638 
#61 3.638 options:
#61 3.638   -h,        --help              [default] show this help message and exit
#61 3.638   -t N,      --threads N         [4      ] number of threads to use during computation
#61 3.638   -p N,      --processors N      [1      ] number of processors to use during computation
#61 3.638   -ot N,     --offset-t N        [0      ] time offset in milliseconds
#61 3.638   -on N,     --offset-n N        [0      ] segment index offset
#61 3.638   -d  N,     --duration N        [0      ] duration of audio to process in milliseconds
#61 3.638   -mc N,     --max-context N     [-1     ] maximum number of text context tokens to store
#61 3.638   -ml N,     --max-len N         [0      ] maximum segment length in characters
#61 3.638   -sow,      --split-on-word     [false  ] split on word rather than on token
#61 3.638   -bo N,     --best-of N         [5      ] number of best candidates to keep
#61 3.638   -bs N,     --beam-size N       [5      ] beam size for beam search
#61 3.638   -ac N,     --audio-ctx N       [0      ] audio context size (0 - all)
#61 3.638   -wt N,     --word-thold N      [0.01   ] word timestamp probability threshold
#61 3.638   -et N,     --entropy-thold N   [2.40   ] entropy threshold for decoder fail
#61 3.638   -lpt N,    --logprob-thold N   [-1.00  ] log probability threshold for decoder fail
#61 3.638   -nth N,    --no-speech-thold N [0.60   ] no speech threshold
#61 3.638   -tp,       --temperature N     [0.00   ] The sampling temperature, between 0 and 1
#61 3.638   -tpi,      --temperature-inc N [0.20   ] The increment of temperature, between 0 and 1
#61 3.638   -debug,    --debug-mode        [false  ] enable debug mode (eg. dump log_mel)
#61 3.638   -tr,       --translate         [false  ] translate from source language to english
#61 3.638   -di,       --diarize           [false  ] stereo audio diarization
#61 3.638   -tdrz,     --tinydiarize       [false  ] enable tinydiarize (requires a tdrz model)
#61 3.638   -nf,       --no-fallback       [false  ] do not use temperature fallback while decoding
#61 3.638   -otxt,     --output-txt        [false  ] output result in a text file
#61 3.638   -ovtt,     --output-vtt        [false  ] output result in a vtt file
#61 3.638   -osrt,     --output-srt        [false  ] output result in a srt file
#61 3.638   -olrc,     --output-lrc        [false  ] output result in a lrc file
#61 3.638   -owts,     --output-words      [false  ] output script for generating karaoke video
#61 3.638   -fp,       --font-path         [/System/Library/Fonts/Supplemental/Courier New Bold.ttf] path to a monospace font for karaoke video
#61 3.638   -ocsv,     --output-csv        [false  ] output result in a CSV file
#61 3.638   -oj,       --output-json       [false  ] output result in a JSON file
#61 3.638   -ojf,      --output-json-full  [false  ] include more information in the JSON file
#61 3.638   -of FNAME, --output-file FNAME [       ] output file path (without file extension)
#61 3.638   -np,       --no-prints         [false  ] do not print anything other than the results
#61 3.638   -ps,       --print-special     [false  ] print special tokens
#61 3.638   -pc,       --print-colors      [false  ] print colors
#61 3.638              --print-confidence  [false  ] print confidence
#61 3.638   -pp,       --print-progress    [false  ] print progress
#61 3.638   -nt,       --no-timestamps     [false  ] do not print timestamps
#61 3.638   -l LANG,   --language LANG     [en     ] spoken language ('auto' for auto-detect)
#61 3.638   -dl,       --detect-language   [false  ] exit after automatically detecting language
#61 3.638              --prompt PROMPT     [       ] initial prompt (max n_text_ctx/2 tokens)
#61 3.638   -m FNAME,  --model FNAME       [models/ggml-base.en.bin] model path
#61 3.638   -f FNAME,  --file FNAME        [       ] input audio file path
#61 3.638   -oved D,   --ov-e-device DNAME [CPU    ] the OpenVINO device used for encode inference
#61 3.638   -dtw MODEL --dtw MODEL         [       ] compute token-level timestamps
#61 3.638   -ls,       --log-score         [false  ] log best decoder scores of tokens
#61 3.638   -ng,       --no-gpu            [false  ] disable GPU
#61 3.638   -fa,       --flash-attn        [false  ] flash attention
#61 3.638   -sns,      --suppress-nst      [false  ] suppress non-speech tokens
#61 3.638   --suppress-regex REGEX         [       ] regular expression matching tokens to suppress
#61 3.638   --grammar GRAMMAR              [       ] GBNF grammar to guide decoding
#61 3.638   --grammar-rule RULE            [       ] top-level GBNF grammar rule name
#61 3.638   --grammar-penalty N            [100.0  ] scales down logits of nongrammar tokens
#61 3.638 
#61 3.638 Voice Activity Detection (VAD) options:
#61 3.638              --vad                           [false  ] enable Voice Activity Detection (VAD)
#61 3.638   -vm FNAME, --vad-model FNAME               [       ] VAD model path
#61 3.638   -vt N,     --vad-threshold N               [0.50   ] VAD threshold for speech recognition
#61 3.638   -vspd N,   --vad-min-speech-duration-ms  N [250    ] VAD min speech duration (0.0-1.0)
#61 3.638   -vsd N,    --vad-min-silence-duration-ms N [100    ] VAD min silence duration (to split segments)
#61 3.638   -vmsd N,   --vad-max-speech-duration-s   N [FLT_MAX] VAD max speech duration (auto-split longer)
#61 3.638   -vp N,     --vad-speech-pad-ms           N [30     ] VAD speech padding (extend segments)
#61 3.638   -vo N,     --vad-samples-overlap         N [0.10   ] VAD samples overlap (seconds between segments)
#61 3.638 
#61 DONE 3.7s

#62 [app runtime 18/18] RUN mkdir -p /app/workspace && chown -R pwuser:pwuser /app/workspace
#62 DONE 0.2s

#63 [app] exporting to image
#63 exporting layers
#63 exporting layers 12.3s done
#63 exporting manifest sha256:06050c9205e7d39b03e42047671c41cc2085083c83832d4962556113061a6cbb 0.0s done
#63 exporting config sha256:bf85617598dc5335ee4f3d8d7add9272051598f8718763ece192267070a928d3 0.0s done
#63 exporting attestation manifest sha256:e42dcf5c4f06e65a37706947d8e8ab064ad3c50462ab87d5ff278d63fb02d4eb done
#63 exporting manifest list sha256:b04a40c98dcd73c490463fe5244209251d63e16c6ff2e1627e78f338389df1f5 done
#63 naming to docker.io/library/chief-of-staff-demo-app:latest done
#63 unpacking to docker.io/library/chief-of-staff-demo-app:latest
#63 unpacking to docker.io/library/chief-of-staff-demo-app:latest 4.2s done
#63 DONE 16.7s

#64 [app] resolving provenance for metadata file
#64 DONE 0.2s
 Image chief-of-staff-demo-app Built 
 Image chief-of-staff-demo-relay Built 
