
 RUN  v5.0.3 /Users/Nicolas/Documents/github/chief-of-staff-demo

 ↓ tests/src/modules/content-research.test.ts > Content Research > daily run: per-person reports, global dedup with per-person attribution, ledger rows, owner draft
 ↓ tests/src/modules/content-research.test.ts > Content Research > does not create the owner-only Gmail draft without a confirmed owner identity
 ↓ tests/src/modules/content-research.test.ts > Content Research > daily run: the next Run asks conditionally with what the last one was told
 ↓ tests/src/modules/content-research.test.ts > Content Research > daily run: a URL reaching two people by different adapters keeps each person's own platform
 ↓ tests/src/modules/content-research.test.ts > Content Research > daily run: hook extraction is one call per person and never sees the other person's items
 ↓ tests/src/modules/content-research.test.ts > Content Research > 48h overlap checkpoint advances: the second daily run looks back from the checkpoint, not another 7 days
 ↓ tests/src/modules/content-research.test.ts > Content Research > backfill: an unsupported window fails explicitly; a supported window passes a genuine historical since
 ↓ tests/src/modules/content-research.test.ts > Content Research > one adapter rate-limited: the Run still completes and the other platform's evidence survives
 ↓ tests/src/modules/content-research.test.ts > Content Research > velocity: with a 90-day baseline the score is a z-score against the person, not the raw count
 ↓ tests/src/modules/content-research.test.ts > Content Research > resonance ranking orders each person's report by score
 ↓ tests/src/modules/content-research.test.ts > Content Research > local report survives a Google partial failure; the retry creates only what is missing
 ↓ tests/src/modules/content-research.test.ts > Content Research > a Home notification fires when at least one person has new resonance
 ↓ tests/src/modules/content-research.test.ts > Content Research > people discovery: public search for co-mentions reaches the proposer, and a sick search still runs
 ↓ tests/src/modules/content-research.test.ts > Content Research > people discovery: proposes, approves into a watched person, dismisses against re-suggestion, restores
 ↓ tests/src/modules/content-research.test.ts > Content Research > people discovery: a dismissed suggestion blocks re-suggestion while dismissed and restores afterwards
 ↓ tests/src/modules/content-research.test.ts > Content Research > the cross-Run index groups reports by person, newest report first
 ↓ tests/src/modules/content-research.test.ts > Content Research > target derivation watches a person by name on Reddit, HN, and Google News without any URL being pasted
 ↓ tests/src/modules/content-research.test.ts > Content Research > feed discovery reads the feeds a site declares about itself and ignores anything else
 ↓ tests/src/modules/content-research.test.ts > Content Research > adding a person resolves the feeds their site declares, and the daily run then collects them
 ↓ tests/src/modules/content-research.test.ts > Content Research > a site that cannot be reached leaves the person watched, without inventing a feed
 ↓ tests/src/modules/content-research.test.ts > Content Research > approving a suggestion watches the person's supporting sites and resolves their feeds in one step
 ↓ tests/src/modules/content-research.test.ts > Content Research > counts a platform reports drive the ranking, and a platform reporting none does not outrank them
 ↓ tests/src/modules/content-research.test.ts > Content Research recovery ownership > retries its own daily Run but never another Intake's Run
 ↓ tests/src/modules/content-research.test.ts > Content Research recovery ownership > each Intake's Module answers only for its own failed Runs
 ↓ tests/src/modules/content-research.test.ts > Content Research recovery ownership > recovers its own daily Run but never another Intake's Run
 ↓ tests/src/modules/content-research.test.ts > Profile-backed watches (#134) > refuses to watch a name without a confirmed Profile
 ↓ tests/src/modules/content-research.test.ts > Profile-backed watches (#134) > backs the watch with the Profile: the name is the public-safe projection's, and one Profile is one watch
 ↓ tests/src/modules/content-research.test.ts > Profile-backed watches (#134) > approving a Person Suggestion requires selecting a confirmed Profile first
 ↓ tests/src/modules/content-research.test.ts > Profile-backed watches (#134) > each Run pins the exact Profile revision and public-safe projection it used
 ↓ tests/src/modules/content-research.test.ts > Profile-backed watches (#134) > a Run skips a person whose Profile is no longer projectable and still completes
 ↓ tests/src/modules/content-research.test.ts > Profile-backed watches (#134) > pausing a watch stops its collection without touching its baseline, and resume reactivates it
 ↓ tests/src/modules/content-research.test.ts > Profile-backed watches (#134) > post-reset: a clean Workspace opens a new ledger Sheet; old remote outputs are neither cleared nor reconciled
 ↓ tests/src/modules/content-research.test.ts > Profile-backed watches (#134) > a pre-#134 watch row without pausedAt/profileId keys is still an active watch
 ↓ tests/src/modules/content-research.test.ts > Profile-backed watches (#134) > a paused watch can be re-pointed at a different confirmed Profile (#134 review P3)
 ↓ tests/src/modules/content-research.test.ts > Content Research evidence integrity > retains distinct same-site articles and updates only the matching article
 ↓ tests/src/modules/content-research.test.ts > Content Research evidence integrity > scores each person's own observation of a shared URL with its own provenance
 ↓ tests/src/modules/content-research.test.ts > Content Research evidence integrity > attaches only a verbatim quote to its supporting item: Body of One
 ↓ tests/src/modules/content-research.test.ts > Content Research evidence integrity > attaches only a verbatim quote to its supporting item: invented quotation
 ↓ tests/src/modules/content-research.test.ts > Content Research evidence integrity > rejects invented discovery references while retaining supplied source URLs
 ↓ tests/src/modules/content-research.test.ts > Content Research legacy item compatibility > keeps legacy evidence readable and retires only an exact matching legacy URL
 × tests/src/modules/content-research.test.ts > Content Research watch input boundaries > rejects malformed handle hints before creating a watch 39ms
   → expected 200 to be 400 // Object.is equality

⎯⎯⎯⎯⎯⎯⎯ Failed Tests 1 ⎯⎯⎯⎯⎯⎯⎯

 FAIL  tests/src/modules/content-research.test.ts > Content Research watch input boundaries > rejects malformed handle hints before creating a watch
AssertionError: expected 200 to be 400 // Object.is equality

- Expected
+ Received

- 400
+ 200

 ❯ tests/src/modules/content-research.test.ts:1644:35
    1642|     try {
    1643|       const response = await app.inject({ method: "POST", url: "/api/c…
    1644|       expect(response.statusCode).toBe(400);
       |                                   ^
    1645|       expect(host.listAllPeople()).toEqual([]);
    1646|     } finally { await app.close(); }

⎯⎯⎯⎯⎯⎯⎯⎯⎯⎯⎯⎯⎯⎯⎯⎯⎯⎯⎯⎯⎯⎯⎯⎯[1/1]⎯


 Test Files  1 failed (1)
      Tests  1 failed | 40 skipped (41)
   Start at  11:24:33
   Duration  640ms (import 67%, transform 26%, tests 6%)

Error: ERR_PNPM_RECURSIVE_EXEC_FIRST_FAIL

  × "pnpm recursive exec" failed in /Users/Nicolas/Documents/github/chief-of-
  │ staff-demo/tests

