$ run-p check:static test
$ run-p --print-label typecheck lint format:check knip workflows
$ pnpm --filter @chief-of-staff-demo/shared build && pnpm --filter @chief-of-staff-demo/tests test
$ tsc -b
[typecheck   ] $ run-p --print-label typecheck:build typecheck:web typecheck:tests typecheck:scripts
[knip        ] $ knip
[format:check] $ prettier --check --cache .
[lint        ] $ oxlint --max-warnings 0 . && pnpm run lint:verify
[workflows   ] $ node scripts/verify-workflow-steps.mjs
[format:check] Checking formatting...
[workflows   ] workflow steps verified in .github/workflows
[typecheck   ] [typecheck:build  ] $ tsc -b packages/shared apps/server relay
[typecheck   ] [typecheck:tests  ] $ tsc -p tests --noEmit
[typecheck   ] [typecheck:web    ] $ tsc -p apps/web --noEmit
[typecheck   ] [typecheck:scripts] $ tsc -p scripts --noEmit
$ vitest run

 RUN  v5.0.3 /Users/Nicolas/Documents/github/chief-of-staff-demo

[lint        ] $ node scripts/verify-lint-gates.mjs
[lint        ] [lint-gates] 12 policy probes passed.
[format:check] All matched files use Prettier code style!

 Test Files  298 passed (298)
      Tests  3647 passed (3647)
   Start at  10:35:55
   Duration  103.54s (tests 56%, import 38%, transform 4%, environment 2%)

     Import  716 modules were evaluated 14540 times · 146.35s total, 38% of tracked time
             ~32.29s faster with isolate: false — shared modules are evaluated once per worker instead of once per file
             learn more: https://vitest.dev/guide/improving-performance#test-isolation
