corpus 14bca86ee0b97d28: 30 people
r1    24 people   42 facts  Personal contribution distinguished from team output
r2    18 people   26 facts  Sourced operating magnitudes with unit, scope and date
r3    14 people   22 facts  Claimed and demonstrated expertise in one taxonomy
r4    21 people   25 facts  Counterparties, relation type, shared work and dates
r5     8 people   10 facts  Documented constraint environments
r6     3 people    3 facts  Work followed after departure
r7    30 people  128 facts  Dated history of problem areas and focus
r8    20 people   30 facts  Writing and thinking separated from building
r9    18 people   28 facts  Independent verifiers and the exact assertion verified
r10   10 people   10 facts  Per-section freshness and explicit gaps
r11   23 people   77 facts  Deciding, recommending and executing distinguished
r12    7 people   10 facts  Unsuccessful work and postmortems
r13    7 people    7 facts  Repeated collaboration evidenced by distinct shared work
r14   15 people   21 facts  Third-party credit and acknowledgments
r15   13 people   25 facts  Dated governance, funding and advisory ties
r16   18 people   39 facts  Dated observed artifacts by kind
r17   24 people   44 facts  Individually dated domain crossings
r18    0 people    0 facts  Capability intersections reported with denominators
r19    6 people    7 facts  Documented availability constraints
r20   16 people   19 facts  Source composition and single-source dependency
Collection scenarios: 1 (r18; separate from individual facts).
