 Image chief-of-staff-demo-relay Building
 Image chief-of-staff-demo-app Building
#1 [internal] load local bake definitions
#1 reading from stdin 1.06kB done
#1 DONE 0.0s

#2 [relay internal] load build definition from Dockerfile
#2 transferring dockerfile: 1.49kB done
#2 DONE 0.0s

#3 [app internal] load build definition from Dockerfile
#3 transferring dockerfile: 6.32kB 0.0s done
#3 DONE 0.1s

#4 [app internal] load metadata for mcr.microsoft.com/playwright:v1.63.0-noble@sha256:eff16c30e6f3f4af0a03fa4b706120d5e9b0891c344a27d64559aff5900a4a27
#4 DONE 0.0s

#5 [relay internal] load metadata for docker.io/library/node:22.18.0-bookworm-slim
#5 ...

#6 [app internal] load metadata for docker.io/library/debian:bookworm-slim
#6 DONE 0.6s

#7 [relay internal] load metadata for docker.io/library/node:22-bookworm-slim
#7 DONE 0.6s

#5 [app internal] load metadata for docker.io/library/node:22.18.0-bookworm-slim
#5 DONE 0.6s

#8 [app internal] load .dockerignore
#8 transferring context: 185B done
#8 DONE 0.0s

#9 [relay build  1/14] FROM docker.io/library/node:22.18.0-bookworm-slim@sha256:752ea8a2f758c34002a0461bd9f1cee4f9a3c36d48494586f60ffce1fc708e0e
#9 resolve docker.io/library/node:22.18.0-bookworm-slim@sha256:752ea8a2f758c34002a0461bd9f1cee4f9a3c36d48494586f60ffce1fc708e0e 0.0s done
#9 DONE 0.0s

#10 [app whisper-build 1/4] FROM docker.io/library/debian:bookworm-slim@sha256:7c7b2c966bc9ee8cedfeef67e0e279108992c77681fa595db4a9d65c06ccc587
#10 resolve docker.io/library/debian:bookworm-slim@sha256:7c7b2c966bc9ee8cedfeef67e0e279108992c77681fa595db4a9d65c06ccc587 0.0s done
#10 DONE 0.0s

#11 [relay runtime 1/3] FROM docker.io/library/node:22-bookworm-slim@sha256:c3de60bf2f9dd0ac6370e6117950ff62d6e339527e7472301c9c78a017978392
#11 resolve docker.io/library/node:22-bookworm-slim@sha256:c3de60bf2f9dd0ac6370e6117950ff62d6e339527e7472301c9c78a017978392 0.0s done
#11 DONE 0.0s

#12 [app runtime  1/18] FROM mcr.microsoft.com/playwright:v1.63.0-noble@sha256:eff16c30e6f3f4af0a03fa4b706120d5e9b0891c344a27d64559aff5900a4a27
#12 resolve mcr.microsoft.com/playwright:v1.63.0-noble@sha256:eff16c30e6f3f4af0a03fa4b706120d5e9b0891c344a27d64559aff5900a4a27 0.0s done
#12 DONE 0.0s

#13 [relay internal] load build context
#13 transferring context: 756B done
#13 DONE 0.0s

#14 [relay build  4/14] COPY package.json pnpm-lock.yaml pnpm-workspace.yaml .npmrc ./
#14 CACHED

#15 [relay build  8/14] COPY tests/package.json tests/
#15 CACHED

#16 [relay build  9/14] COPY relay/package.json relay/
#16 CACHED

#17 [relay build  6/14] COPY apps/web/package.json apps/web/
#17 CACHED

#18 [relay runtime 2/3] WORKDIR /app
#18 CACHED

#19 [relay build 10/14] RUN pnpm install --frozen-lockfile --filter @chief-of-staff-demo/relay...
#19 CACHED

#20 [relay build  5/14] COPY apps/server/package.json apps/server/
#20 CACHED

#21 [relay build  3/14] RUN npm install --global pnpm@12.3.4
#21 CACHED

#22 [relay build 11/14] COPY tsconfig.base.json ./
#22 CACHED

#23 [relay build  2/14] WORKDIR /app
#23 CACHED

#24 [relay build  7/14] COPY packages/shared/package.json packages/shared/
#24 CACHED

#25 [relay build 12/14] COPY relay/src relay/src
#25 CACHED

#26 [relay build 14/14] RUN pnpm --filter @chief-of-staff-demo/relay build   && pnpm --filter @chief-of-staff-demo/relay deploy --legacy --prod /out
#26 CACHED

#27 [relay build 13/14] COPY relay/tsconfig.json relay/
#27 CACHED

#28 [relay runtime 3/3] COPY --from=build /out ./
#28 CACHED

#29 [app internal] load build context
#29 transferring context: 95.58kB 0.1s done
#29 DONE 0.1s

#21 [app build  3/14] RUN npm install --global pnpm@12.3.4
#21 CACHED

#23 [app build  2/14] WORKDIR /app
#23 CACHED

#30 [app build  4/14] COPY package.json pnpm-lock.yaml pnpm-workspace.yaml .npmrc ./
#30 CACHED

#31 [app build  9/14] RUN pnpm install --frozen-lockfile
#31 CACHED

#32 [app build  5/14] COPY apps/server/package.json apps/server/
#32 CACHED

#33 [app build 11/14] COPY packages/shared packages/shared
#33 CACHED

#34 [app build  8/14] COPY tests/package.json tests/
#34 CACHED

#35 [app build 10/14] COPY tsconfig.base.json tsconfig.json ./
#35 CACHED

#36 [app build  7/14] COPY packages/shared/package.json packages/shared/
#36 CACHED

#37 [app build  6/14] COPY apps/web/package.json apps/web/
#37 CACHED

#38 [app build 12/14] COPY apps/server apps/server
#38 CACHED

#39 [relay] exporting to image
#39 exporting layers done
#39 exporting manifest sha256:adb68cf224e1cc076198c993e8204ab504aa7da1ee1dc73d414cb17e786fd7d5 done
#39 exporting config sha256:fbc7a40e7711856fd45244922f1c3a8415545c7d1df31ec42c54bd7f6cba7c22 done
#39 exporting attestation manifest sha256:36630ca42585bc07c641b8f2e055dcaa67d17124183b9e9809f0d98ee93d2dd9 done
#39 exporting manifest list sha256:69c7f4356309486b100422f9438e02202c648f810acde5b1757aef630486e810 done
#39 naming to docker.io/library/chief-of-staff-demo-relay:latest done
#39 unpacking to docker.io/library/chief-of-staff-demo-relay:latest done
#39 DONE 0.1s

#40 [relay] resolving provenance for metadata file
#40 DONE 0.0s

#41 [app build 13/14] COPY apps/web apps/web
#41 DONE 0.1s

#42 [app build 14/14] RUN pnpm run build   && rm -rf node_modules   && CI=true pnpm install --prod --frozen-lockfile
#42 0.419 $ tsc -b packages/shared apps/server && tsc -p apps/web --noEmit && pnpm --filter @chief-of-staff-demo/web build
#42 6.958 $ vite build
#42 7.632 vite v8.3.2 building client environment for production...
#42 7.665 transforming...
#42 7.821 ✓ 553 modules transformed.
#42 7.967 rendering chunks...
#42 8.082 computing gzip size...
#42 8.090 dist/index.html                                            0.70 kB │ gzip:   0.37 kB
#42 8.090 dist/assets/PersonProfileDetailPage-8B16IZnN.css           2.69 kB │ gzip:   0.92 kB
#42 8.090 dist/assets/meetingWizard-DodKWivP.css                     3.01 kB │ gzip:   0.98 kB
#42 8.090 dist/assets/personProfilePrototypeVariants-BADILkSi.css   16.02 kB │ gzip:   3.55 kB
#42 8.090 dist/assets/index-DCcyhluc.css                            23.96 kB │ gzip:   5.59 kB
#42 8.090 dist/assets/source-items-Dt2_Au1h.js                       0.11 kB │ gzip:   0.12 kB
#42 8.090 dist/assets/naming-BHFInCv2.js                             0.13 kB │ gzip:   0.12 kB
#42 8.090 dist/assets/ContentResearchSubNav-AhhoWfH5.js              0.40 kB │ gzip:   0.26 kB
#42 8.090 dist/assets/ReadingDisclosure-BHg8sig2.js                  0.42 kB │ gzip:   0.31 kB
#42 8.090 dist/assets/MeetingWizardTabs-yQAk8jZW.js                  0.43 kB │ gzip:   0.28 kB
#42 8.090 dist/assets/client-Dm7ug2HT.js                             0.79 kB │ gzip:   0.39 kB
#42 8.090 dist/assets/deliveryStatus-C6eXyc-C.js                     0.90 kB │ gzip:   0.38 kB
#42 8.090 dist/assets/contentProjectGates-CKVMDVT9.js                1.20 kB │ gzip:   0.57 kB
#42 8.090 dist/assets/useMeetingIndex-mNVNdtIc.js                    1.21 kB │ gzip:   0.59 kB
#42 8.090 dist/assets/meetingDisplay-wZwJrflB.js                     1.30 kB │ gzip:   0.58 kB
#42 8.090 dist/assets/MeetingRecoveryPage-CmfZfHRf.js                1.85 kB │ gzip:   0.91 kB
#42 8.090 dist/assets/people-CbUw61Oa.js                             3.04 kB │ gzip:   0.76 kB
#42 8.090 dist/assets/ProposalMeetingNavigation-DaVqkR7d.js          3.50 kB │ gzip:   1.42 kB
#42 8.090 dist/assets/MeetingsHistoryPage-BgfBMMlQ.js                3.67 kB │ gzip:   1.52 kB
#42 8.090 dist/assets/OnboardingSetupPage-DiwG6h1g.js                4.03 kB │ gzip:   1.43 kB
#42 8.090 dist/assets/meetings-DTOeP4I4.js                           4.05 kB │ gzip:   0.86 kB
#42 8.090 dist/assets/MeetingReadRow-BOrfbUkX.js                     4.25 kB │ gzip:   1.85 kB
#42 8.090 dist/assets/MeetingDebriefPage-1Uyw5flO.js                 5.03 kB │ gzip:   1.65 kB
#42 8.090 dist/assets/AllRunsPage-CIcwHPuC.js                        5.49 kB │ gzip:   2.06 kB
#42 8.090 dist/assets/content-Dj7VwMu9.js                            5.76 kB │ gzip:   1.11 kB
#42 8.090 dist/assets/MeetingDebriefDetailPage-D9b26C26.js           5.92 kB │ gzip:   2.31 kB
#42 8.090 dist/assets/MeetingsOverviewPage-COvU9ZF-.js               5.97 kB │ gzip:   2.10 kB
#42 8.090 dist/assets/MeetingActionItems-DBw6SP97.js                 6.00 kB │ gzip:   2.51 kB
#42 8.090 dist/assets/BriefProfileRefresh-DpCgFov7.js                6.03 kB │ gzip:   1.97 kB
#42 8.090 dist/assets/NewPersonProfilePage-m_t1l-Xd.js               6.29 kB │ gzip:   2.11 kB
#42 8.090 dist/assets/MeetingsWeeklyPage-DFk9dUJK.js                 7.02 kB │ gzip:   2.27 kB
#42 8.090 dist/assets/ContentProjectDetailPage-DEn188SI.js           7.41 kB │ gzip:   2.39 kB
#42 8.090 dist/assets/RunDetailPage-DYCVJxdH.js                      8.08 kB │ gzip:   2.50 kB
#42 8.090 dist/assets/YoutubePage-DSFIVtvp.js                        8.70 kB │ gzip:   3.23 kB
#42 8.090 dist/assets/jsx-runtime-Dk72oS4N.js                        8.77 kB │ gzip:   3.33 kB
#42 8.090 dist/assets/PeoplePage-Cfpd8RAc.js                         9.16 kB │ gzip:   2.86 kB
#42 8.090 dist/assets/TranscriptReviewPage-jTxTX6EX.js               9.37 kB │ gzip:   2.96 kB
#42 8.090 dist/assets/useModules-CxicgC5v.js                         9.90 kB │ gzip:   3.22 kB
#42 8.090 dist/assets/MeetingBriefPage-C2AWino4.js                  10.56 kB │ gzip:   3.09 kB
#42 8.090 dist/assets/ActionItemReview-BwUI-DeS.js                  14.55 kB │ gzip:   4.67 kB
#42 8.090 dist/assets/MeetingPage-C3A_7Wxy.js                       14.87 kB │ gzip:   4.48 kB
#42 8.090 dist/assets/homePrototypeVariants-T4m0LT6j.js             15.96 kB │ gzip:   4.81 kB
#42 8.090 dist/assets/ContentResearchPage-B5t_JKDc.js               16.63 kB │ gzip:   4.56 kB
#42 8.090 dist/assets/MeetingDebriefContent-7O2zmkt_.js             18.14 kB │ gzip:   5.50 kB
#42 8.090 dist/assets/personProfilePrototypeVariants-CaijidNm.js    19.66 kB │ gzip:   5.64 kB
#42 8.090 dist/assets/TasksPage-C6gcg6XG.js                         28.06 kB │ gzip:   7.48 kB
#42 8.090 dist/assets/ContentScoutPage-zIU9DbIR.js                  36.78 kB │ gzip:   9.60 kB
#42 8.090 dist/assets/chunk-OB3PAWPO-DuustvZ5.js                    40.41 kB │ gzip:  14.54 kB
#42 8.090 dist/assets/SettingsPage-NcRwQGMC.js                      43.05 kB │ gzip:  12.09 kB
#42 8.090 dist/assets/PersonProfileDetailPage-DozSP5-p.js           73.08 kB │ gzip:  20.72 kB
#42 8.090 dist/assets/react-DRDmNHY9.js                            128.10 kB │ gzip:  41.80 kB
#42 8.090 dist/assets/index-BBxucHyi.js                            358.15 kB │ gzip: 103.77 kB
#42 8.090
#42 8.104 ✓ built in 471ms
#42 10.30 Scope: all 5 workspace projects
#42 10.32 ✓ Lockfile passes supply-chain policies (verified 7h ago)
#42 10.32 Lockfile is up to date, resolution step is skipped
#42 10.39 Packages are hard linked from the content-addressable store to the virtual store.
#42 10.39   Content-addressable store is at: /root/.local/share/pnpm/store/v11
#42 10.39   Virtual store is at:             node_modules/.pnpm
#42 11.41 Progress: resolved 119, reused 119, downloaded 0, added 100
#42 12.43 Progress: resolved 176, reused 176, downloaded 0, added 157
#42 13.45 Progress: resolved 219, reused 219, downloaded 0, added 200
#42 14.46 Progress: resolved 265, reused 265, downloaded 0, added 248
#42 15.47 Progress: resolved 302, reused 302, downloaded 0, added 289
#42 16.61 Progress: resolved 331, reused 330, downloaded 0, added 317
#42 17.48 Packages: +338
#42 17.48 ++++++++++++++++++++++++++++++++++++++++++++++++++++++++++++++++++++++++++++++++
#42 17.54 Progress: resolved 338, reused 333, downloaded 5, added 338, done
#42 17.60 Done in 7.3s using pnpm v12.3.4
#42 DONE 17.9s

#43 [app whisper-build 3/4] COPY scripts/browser-network-sandbox.c /tmp/browser-network-sandbox.c
#43 CACHED

#44 [app whisper-build 4/4] RUN cc -O2 -Wall -Wextra -Werror /tmp/browser-network-sandbox.c -o /tmp/browser-network-sandbox
#44 CACHED

#45 [app runtime  4/18] COPY --from=whisper-build /tmp/browser-network-sandbox /usr/local/bin/browser-network-sandbox
#45 CACHED

#46 [app runtime  3/18] RUN apt-get update   && apt-get install -y --no-install-recommends   "ffmpeg=7:6.1.1-3ubuntu5"   "python3=3.12.3-0ubuntu2.1"   "python3-venv=3.12.3-0ubuntu2.1"   && python3 -m venv /opt/content-scout-python   && /opt/content-scout-python/bin/pip install --no-cache-dir   "instaloader==4.14.2"   "youtube-transcript-api==1.2.2"   "yt-dlp==2025.08.22"   && chromium_path="$(find /ms-playwright -type f \( -path '*/chrome-linux/chrome' -o -path '*/chrome-linux64/chrome' -o -path '*/chrome-linux-arm64/chrome' \) | head -n 1)"   && test -n "$chromium_path"   && ln -s "$chromium_path" /usr/local/bin/chromium   && rm -rf /var/lib/apt/lists/*
#46 CACHED

#47 [app runtime  6/18] RUN mkdir -p /usr/local/share/content-scout   && printf '%s\n' "v1.7.6" > /usr/local/share/content-scout/whisper-cpp-version
#47 CACHED

#48 [app runtime  2/18] WORKDIR /app
#48 CACHED

#49 [app whisper-build 2/4] RUN apt-get update   && apt-get install -y --no-install-recommends ca-certificates cmake curl g++ git make   && curl -fsSL "https://github.com/ggml-org/whisper.cpp/archive/refs/tags/v1.7.6.tar.gz" -o /tmp/whisper.cpp.tar.gz   && echo "166140e9a6d8a36f787a2bd77f8f44dd64874f12dd8359ff7c1f4f9acb86202e  /tmp/whisper.cpp.tar.gz" | sha256sum --check -   && tar -xzf /tmp/whisper.cpp.tar.gz -C /tmp   && cmake -S "/tmp/whisper.cpp-1.7.6" -B /tmp/whisper-build   -DCMAKE_BUILD_TYPE=Release   -DBUILD_SHARED_LIBS=OFF   -DGGML_NATIVE=OFF   -DWHISPER_BUILD_EXAMPLES=ON   -DWHISPER_BUILD_TESTS=OFF   -DWHISPER_BUILD_SERVER=OFF   && cmake --build /tmp/whisper-build --config Release --target whisper-cli --parallel 2
#49 CACHED

#50 [app runtime  5/18] COPY --from=whisper-build /tmp/whisper-build/bin/whisper-cli /usr/local/bin/whisper-cli
#50 CACHED

#51 [app runtime  7/18] COPY --from=build /app/package.json /app/pnpm-lock.yaml ./
#51 CACHED

#52 [app runtime  8/18] COPY --from=build /app/node_modules node_modules
#52 DONE 2.6s

#53 [app runtime  9/18] COPY --from=build /app/apps/server/node_modules apps/server/node_modules
#53 DONE 0.1s

#54 [app runtime 10/18] COPY --from=build /app/packages/shared/node_modules packages/shared/node_modules
#54 DONE 0.0s

#55 [app runtime 11/18] COPY --from=build /app/packages/shared/package.json packages/shared/
#55 DONE 0.0s

#56 [app runtime 12/18] COPY --from=build /app/packages/shared/dist packages/shared/dist
#56 DONE 0.0s

#57 [app runtime 13/18] COPY --from=build /app/apps/server/package.json apps/server/
#57 DONE 0.0s

#58 [app runtime 14/18] COPY --from=build /app/apps/server/dist apps/server/dist
#58 DONE 0.1s

#59 [app runtime 15/18] COPY --from=build /app/apps/web/dist apps/web/dist
#59 DONE 0.0s

#60 [app runtime 16/18] COPY scripts/start-workspace.py /usr/local/share/content-scout/start-workspace.py
#60 DONE 0.0s

#61 [app runtime 17/18] RUN browser-network-sandbox --self-test   && chromium --version   | grep -F "153.0.8010.12"   && printf '%s\n' '<!doctype html><html><body><h1>browser-render-probe</h1></body></html>' > /tmp/browser-render-probe.html   && chromium --headless --no-sandbox --disable-gpu --dump-dom "file:///tmp/browser-render-probe.html" 2>/dev/null | grep -F "browser-render-probe"   && rm -f /tmp/browser-render-probe.html   && python3 --version | grep -F "3.12.3"   && python3 -c "import importlib.metadata; print(importlib.metadata.version('youtube-transcript-api'))" | grep -Fx "1.2.2"   && instaloader --version | grep -F "4.14.2"   && ffmpeg -version 2>&1 | head -n 1 | grep -F "6.1.1-3ubuntu5"   && yt-dlp --version | grep -Fx "2025.08.22"   && whisper-cli --help >/dev/null
#61 0.127 Browser IPv4/IPv6 TCP/UDP denied; Unix IPC available.
#61 0.311 Google Chrome for Testing 153.0.8010.12
#61 1.827 <html><head></head><body><h1>browser-render-probe</h1>
#61 1.832 Python 3.12.3
#61 1.938 1.2.2
#61 2.138 4.14.2
#61 2.383 ffmpeg version 6.1.1-3ubuntu5 Copyright (c) 2000-2023 the FFmpeg developers
#61 2.567 2025.08.22
#61 2.574
#61 2.574 usage: whisper-cli [options] file0 file1 ...
#61 2.574 supported audio formats: flac, mp3, ogg, wav
#61 2.574
#61 2.574 options:
#61 2.574   -h,        --help              [default] show this help message and exit
#61 2.574   -t N,      --threads N         [4      ] number of threads to use during computation
#61 2.574   -p N,      --processors N      [1      ] number of processors to use during computation
#61 2.574   -ot N,     --offset-t N        [0      ] time offset in milliseconds
#61 2.574   -on N,     --offset-n N        [0      ] segment index offset
#61 2.574   -d  N,     --duration N        [0      ] duration of audio to process in milliseconds
#61 2.574   -mc N,     --max-context N     [-1     ] maximum number of text context tokens to store
#61 2.574   -ml N,     --max-len N         [0      ] maximum segment length in characters
#61 2.574   -sow,      --split-on-word     [false  ] split on word rather than on token
#61 2.574   -bo N,     --best-of N         [5      ] number of best candidates to keep
#61 2.574   -bs N,     --beam-size N       [5      ] beam size for beam search
#61 2.574   -ac N,     --audio-ctx N       [0      ] audio context size (0 - all)
#61 2.574   -wt N,     --word-thold N      [0.01   ] word timestamp probability threshold
#61 2.574   -et N,     --entropy-thold N   [2.40   ] entropy threshold for decoder fail
#61 2.574   -lpt N,    --logprob-thold N   [-1.00  ] log probability threshold for decoder fail
#61 2.574   -nth N,    --no-speech-thold N [0.60   ] no speech threshold
#61 2.574   -tp,       --temperature N     [0.00   ] The sampling temperature, between 0 and 1
#61 2.574   -tpi,      --temperature-inc N [0.20   ] The increment of temperature, between 0 and 1
#61 2.574   -debug,    --debug-mode        [false  ] enable debug mode (eg. dump log_mel)
#61 2.574   -tr,       --translate         [false  ] translate from source language to english
#61 2.574   -di,       --diarize           [false  ] stereo audio diarization
#61 2.574   -tdrz,     --tinydiarize       [false  ] enable tinydiarize (requires a tdrz model)
#61 2.574   -nf,       --no-fallback       [false  ] do not use temperature fallback while decoding
#61 2.574   -otxt,     --output-txt        [false  ] output result in a text file
#61 2.574   -ovtt,     --output-vtt        [false  ] output result in a vtt file
#61 2.574   -osrt,     --output-srt        [false  ] output result in a srt file
#61 2.574   -olrc,     --output-lrc        [false  ] output result in a lrc file
#61 2.574   -owts,     --output-words      [false  ] output script for generating karaoke video
#61 2.574   -fp,       --font-path         [/System/Library/Fonts/Supplemental/Courier New Bold.ttf] path to a monospace font for karaoke video
#61 2.574   -ocsv,     --output-csv        [false  ] output result in a CSV file
#61 2.574   -oj,       --output-json       [false  ] output result in a JSON file
#61 2.574   -ojf,      --output-json-full  [false  ] include more information in the JSON file
#61 2.574   -of FNAME, --output-file FNAME [       ] output file path (without file extension)
#61 2.574   -np,       --no-prints         [false  ] do not print anything other than the results
#61 2.574   -ps,       --print-special     [false  ] print special tokens
#61 2.574   -pc,       --print-colors      [false  ] print colors
#61 2.574              --print-confidence  [false  ] print confidence
#61 2.574   -pp,       --print-progress    [false  ] print progress
#61 2.574   -nt,       --no-timestamps     [false  ] do not print timestamps
#61 2.574   -l LANG,   --language LANG     [en     ] spoken language ('auto' for auto-detect)
#61 2.574   -dl,       --detect-language   [false  ] exit after automatically detecting language
#61 2.574              --prompt PROMPT     [       ] initial prompt (max n_text_ctx/2 tokens)
#61 2.574   -m FNAME,  --model FNAME       [models/ggml-base.en.bin] model path
#61 2.574   -f FNAME,  --file FNAME        [       ] input audio file path
#61 2.574   -oved D,   --ov-e-device DNAME [CPU    ] the OpenVINO device used for encode inference
#61 2.574   -dtw MODEL --dtw MODEL         [       ] compute token-level timestamps
#61 2.574   -ls,       --log-score         [false  ] log best decoder scores of tokens
#61 2.574   -ng,       --no-gpu            [false  ] disable GPU
#61 2.574   -fa,       --flash-attn        [false  ] flash attention
#61 2.574   -sns,      --suppress-nst      [false  ] suppress non-speech tokens
#61 2.574   --suppress-regex REGEX         [       ] regular expression matching tokens to suppress
#61 2.574   --grammar GRAMMAR              [       ] GBNF grammar to guide decoding
#61 2.574   --grammar-rule RULE            [       ] top-level GBNF grammar rule name
#61 2.574   --grammar-penalty N            [100.0  ] scales down logits of nongrammar tokens
#61 2.574
#61 2.574 Voice Activity Detection (VAD) options:
#61 2.574              --vad                           [false  ] enable Voice Activity Detection (VAD)
#61 2.574   -vm FNAME, --vad-model FNAME               [       ] VAD model path
#61 2.574   -vt N,     --vad-threshold N               [0.50   ] VAD threshold for speech recognition
#61 2.574   -vspd N,   --vad-min-speech-duration-ms  N [250    ] VAD min speech duration (0.0-1.0)
#61 2.574   -vsd N,    --vad-min-silence-duration-ms N [100    ] VAD min silence duration (to split segments)
#61 2.574   -vmsd N,   --vad-max-speech-duration-s   N [FLT_MAX] VAD max speech duration (auto-split longer)
#61 2.574   -vp N,     --vad-speech-pad-ms           N [30     ] VAD speech padding (extend segments)
#61 2.574   -vo N,     --vad-samples-overlap         N [0.10   ] VAD samples overlap (seconds between segments)
#61 2.574
#61 DONE 2.6s

#62 [app runtime 18/18] RUN mkdir -p /app/workspace && chown -R pwuser:pwuser /app/workspace
#62 DONE 0.2s

#63 [app] exporting to image
#63 exporting layers
#63 exporting layers 6.8s done
#63 exporting manifest sha256:768c420679f586c27bcf3d867670a221b85d5d8451252ca499e7d507e2c57830 0.0s done
#63 exporting config sha256:75312978cbf08f7248a217b0dd3eabc56bc0c579baa227ec08fe74619c8f4d53 0.0s done
#63 exporting attestation manifest sha256:fb576d6e5c801ca23ccbf96fc8674cd9f541295fbb4565f620730418235fe86e 0.0s done
#63 exporting manifest list sha256:2aa00d878e0bb0c6f713d4c8268f53a30e90a6a862aaac923d049e10dd3efc8e done
#63 naming to docker.io/library/chief-of-staff-demo-app:latest done
#63 unpacking to docker.io/library/chief-of-staff-demo-app:latest
#63 unpacking to docker.io/library/chief-of-staff-demo-app:latest 3.0s done
#63 DONE 9.9s

#64 [app] resolving provenance for metadata file
#64 DONE 0.0s
 Image chief-of-staff-demo-app Built
 Image chief-of-staff-demo-relay Built
